  Backend d'embeddings : llamacpp (http://127.0.0.1:8899)
  [1/120] persona 890
  [2/120] persona 738
  [3/120] persona 538
  [4/120] persona 344
  [5/120] persona 416
  [6/120] persona 106
  sautée, à refaire : 68#0 (nvidia/nvidia/nemotron-3-ultra-550b-a55b : échec après 10 essais (HTTP 503 {"error":{"message":"Serv)
  [7/120] persona 68
  [8/120] persona 953
  [9/120] persona 999
  [10/120] persona 230
  [11/120] persona 671
  [12/120] persona 159
  [13/120] persona 745
  [14/120] persona 395
  [15/120] persona 871
  [16/120] persona 827
  [17/120] persona 37
  [18/120] persona 393
  [19/120] persona 496
  [20/120] persona 177
  [21/120] persona 286
  [22/120] persona 334
  [23/120] persona 960
  sautée, à refaire : 195#0 (nvidia/nvidia/nemotron-3-ultra-550b-a55b : échec après 10 essais (HTTP 503 {"error":{"message":"Serv)
  [24/120] persona 195
  [25/120] persona 75
  [26/120] persona 270
  [27/120] persona 579
Reprise : 71 questions déjà dans bench\results\oubli\rattachement_reponse_frais_g9.cache.jsonl
  Backend d'embeddings : llamacpp (http://127.0.0.1:8899)
  [1/120] persona 890
  [2/120] persona 738
  [3/120] persona 538
  [4/120] persona 344
  [5/120] persona 416
  [6/120] persona 106
  [7/120] persona 68
  [8/120] persona 953
  [9/120] persona 999
  [10/120] persona 230
  [11/120] persona 671
  [12/120] persona 159
  [13/120] persona 745
  [14/120] persona 395
  [15/120] persona 871
  [16/120] persona 827
  [17/120] persona 37
  [18/120] persona 393
  [19/120] persona 496
  [20/120] persona 177
  [21/120] persona 286
  [22/120] persona 334
  [23/120] persona 960
  [24/120] persona 195
  [25/120] persona 75
  [26/120] persona 270
  [27/120] persona 579
  [28/120] persona 444
  [29/120] persona 472
  [30/120] persona 825
  [31/120] persona 24
  [32/120] persona 996
  [33/120] persona 453
  [34/120] persona 77
  [35/120] persona 347
  [36/120] persona 397
  [37/120] persona 784
  [38/120] persona 128
  [39/120] persona 269
  [40/120] persona 703
  [41/120] persona 860
  [42/120] persona 100
  [43/120] persona 855
  [44/120] persona 446
  [45/120] persona 135
  [46/120] persona 868
  [47/120] persona 42
  [48/120] persona 830
  [49/120] persona 507
  [50/120] persona 206
  [51/120] persona 115
  [52/120] persona 304
  [53/120] persona 458
  [54/120] persona 726
  [55/120] persona 875
  [56/120] persona 833
  [57/120] persona 186
  [58/120] persona 593
  [59/120] persona 1
  [60/120] persona 192
  [61/120] persona 748
  [62/120] persona 575
  [63/120] persona 268
  [64/120] persona 932
  [65/120] persona 834
  [66/120] persona 27
  [67/120] persona 388
  [68/120] persona 103
  [69/120] persona 863
  [70/120] persona 16
  [71/120] persona 200
  [72/120] persona 544
  [73/120] persona 881
  [74/120] persona 109
  [75/120] persona 511
  [76/120] persona 160
  [77/120] persona 572
  [78/120] persona 51
  [79/120] persona 540
  [80/120] persona 908
  [81/120] persona 454
  [82/120] persona 148
  [83/120] persona 434
  [84/120] persona 258
  [85/120] persona 639
  [86/120] persona 910
  [87/120] persona 167
  [88/120] persona 699
  [89/120] persona 909
  [90/120] persona 216
  [91/120] persona 239
  [92/120] persona 602
  [93/120] persona 71
  [94/120] persona 127
  [95/120] persona 134
  [96/120] persona 34
  [97/120] persona 556
  [98/120] persona 684
  [99/120] persona 600
  [100/120] persona 900
  [101/120] persona 22
  [102/120] persona 735
  [103/120] persona 336
  [104/120] persona 729
  [105/120] persona 573
  [106/120] persona 121
  [107/120] persona 912
  [108/120] persona 701
  [109/120] persona 441
  [110/120] persona 926
  [111/120] persona 984
  [112/120] persona 603
  [113/120] persona 515
  [114/120] persona 944
  [115/120] persona 921
  [116/120] persona 412
  [117/120] persona 674
  [118/120] persona 53
  [119/120] persona 588
  [120/120] persona 568

questions au contexte inchangé (non posées) : {'oubli': 22, 'autres': 95}
oubli, contexte changé : {'n': 38, 'A': 11, 'A+': 15, 'gagnees': 8, 'perdues': 4, 'p': 0.3877} (bonne consigne ajoutée : 13)
autres, contexte changé : {'n': 168, 'A': 88, 'A+': 75, 'gagnees': 8, 'perdues': 21, 'p': 0.0241}
bruit (A redemandé, même contexte) : {'n': 60, 'verdict_change': 11}
Rapport : bench\results\oubli\rattachement_reponse_frais_g9.json
