  Backend d'embeddings : llamacpp (http://127.0.0.1:8899)

== carte_g7 : 193 questions, consigne manquante 18, autres 146
        variante    bonne  autres touchées  parasites oubli
        3/1/None   9/18       31 ( 21 %)            0
         3/1/0.4   9/18       25 ( 17 %)            0
        3/1/0.45   8/18       19 ( 13 %)            0
         3/1/0.5   4/18       11 (  8 %)            0
        3/1/0.55   3/18        4 (  3 %)            0
         3/1/0.6   0/18        0 (  0 %)            0
        3/2/None   9/18       31 ( 21 %)            0
         3/2/0.4   9/18       25 ( 17 %)            0
        3/2/0.45   8/18       19 ( 13 %)            0
         3/2/0.5   4/18       11 (  8 %)            0
        3/2/0.55   3/18        4 (  3 %)            0
         3/2/0.6   0/18        0 (  0 %)            0
        5/1/None  11/18       57 ( 39 %)            5
         5/1/0.4  11/18       46 ( 32 %)            5
        5/1/0.45  10/18       36 ( 25 %)            2
         5/1/0.5   6/18       27 ( 18 %)            2
        5/1/0.55   5/18        6 (  4 %)            1
         5/1/0.6   2/18        1 (  1 %)            0
        5/2/None  11/18       57 ( 39 %)            6
         5/2/0.4  11/18       46 ( 32 %)            6
        5/2/0.45  10/18       36 ( 25 %)            3
         5/2/0.5   6/18       27 ( 18 %)            2
        5/2/0.55   5/18        6 (  4 %)            1
         5/2/0.6   2/18        1 (  1 %)            0
       10/1/None  12/18       86 ( 59 %)           15
        10/1/0.4  12/18       78 ( 53 %)           13
       10/1/0.45  11/18       57 ( 39 %)            7
        10/1/0.5   7/18       33 ( 23 %)            3
       10/1/0.55   5/18       12 (  8 %)            2
        10/1/0.6   3/18        3 (  2 %)            0
       10/2/None  13/18       86 ( 59 %)           20
        10/2/0.4  13/18       78 ( 53 %)           18
       10/2/0.45  12/18       57 ( 39 %)            9
        10/2/0.5   8/18       33 ( 23 %)            4
       10/2/0.55   6/18       12 (  8 %)            2
        10/2/0.6   3/18        3 (  2 %)            0
  Backend d'embeddings : llamacpp (http://127.0.0.1:8899)

== frais_g8 : 341 questions, consigne manquante 19, autres 279
        variante    bonne  autres touchées  parasites oubli
        3/1/None   4/19       62 ( 22 %)            4
         3/1/0.4   4/19       51 ( 18 %)            4
        3/1/0.45   3/19       37 ( 13 %)            3
         3/1/0.5   2/19       19 (  7 %)            1
        3/1/0.55   1/19        8 (  3 %)            0
         3/1/0.6   0/19        2 (  1 %)            0
        3/2/None   4/19       62 ( 22 %)            4
         3/2/0.4   4/19       51 ( 18 %)            4
        3/2/0.45   3/19       37 ( 13 %)            3
         3/2/0.5   2/19       19 (  7 %)            1
        3/2/0.55   1/19        8 (  3 %)            0
         3/2/0.6   0/19        2 (  1 %)            0
        5/1/None   7/19      111 ( 40 %)           15
         5/1/0.4   6/19       94 ( 34 %)           13
        5/1/0.45   5/19       72 ( 26 %)           11
         5/1/0.5   3/19       31 ( 11 %)            5
        5/1/0.55   1/19       13 (  5 %)            1
         5/1/0.6   0/19        2 (  1 %)            0
        5/2/None   7/19      111 ( 40 %)           15
         5/2/0.4   6/19       94 ( 34 %)           13
        5/2/0.45   5/19       72 ( 26 %)           11
         5/2/0.5   3/19       31 ( 11 %)            5
        5/2/0.55   1/19       13 (  5 %)            1
         5/2/0.6   0/19        2 (  1 %)            0
       10/1/None   9/19      171 ( 61 %)           30
        10/1/0.4   8/19      148 ( 53 %)           27
       10/1/0.45   7/19      114 ( 41 %)           23
        10/1/0.5   6/19       52 ( 19 %)           10
       10/1/0.55   4/19       20 (  7 %)            1
        10/1/0.6   1/19        3 (  1 %)            0
       10/2/None  12/19      171 ( 61 %)           42
        10/2/0.4  11/19      148 ( 53 %)           35
       10/2/0.45  10/19      114 ( 41 %)           28
        10/2/0.5   8/19       52 ( 19 %)           13
       10/2/0.55   5/19       20 (  7 %)            1
        10/2/0.6   1/19        3 (  1 %)            0
  Backend d'embeddings : llamacpp (http://127.0.0.1:8899)

== frais_g9 : 323 questions, consigne manquante 15, autres 263
        variante    bonne  autres touchées  parasites oubli
        3/1/None   6/15       76 ( 29 %)            4
         3/1/0.4   6/15       69 ( 26 %)            4
        3/1/0.45   6/15       56 ( 21 %)            1
         3/1/0.5   5/15       35 ( 13 %)            0
        3/1/0.55   3/15       13 (  5 %)            0
         3/1/0.6   0/15        1 (  0 %)            0
        3/2/None   6/15       76 ( 29 %)            5
         3/2/0.4   6/15       69 ( 26 %)            5
        3/2/0.45   6/15       56 ( 21 %)            1
         3/2/0.5   5/15       35 ( 13 %)            0
        3/2/0.55   3/15       13 (  5 %)            0
         3/2/0.6   0/15        1 (  0 %)            0
        5/1/None   8/15      105 ( 40 %)           10
         5/1/0.4   8/15       97 ( 37 %)           10
        5/1/0.45   7/15       80 ( 30 %)            5
         5/1/0.5   5/15       50 ( 19 %)            1
        5/1/0.55   3/15       19 (  7 %)            0
         5/1/0.6   0/15        2 (  1 %)            0
        5/2/None   8/15      105 ( 40 %)           13
         5/2/0.4   8/15       97 ( 37 %)           13
        5/2/0.45   7/15       80 ( 30 %)            7
         5/2/0.5   5/15       50 ( 19 %)            1
        5/2/0.55   3/15       19 (  7 %)            0
         5/2/0.6   0/15        2 (  1 %)            0
       10/1/None  11/15      168 ( 64 %)           27
        10/1/0.4  11/15      147 ( 56 %)           23
       10/1/0.45  10/15      119 ( 45 %)           14
        10/1/0.5   7/15       74 ( 28 %)            8
       10/1/0.55   4/15       28 ( 11 %)            1
        10/1/0.6   0/15        4 (  2 %)            0
       10/2/None  13/15      168 ( 64 %)           39
        10/2/0.4  13/15      147 ( 56 %)           34
       10/2/0.45  12/15      119 ( 45 %)           22
        10/2/0.5   8/15       74 ( 28 %)           10
       10/2/0.55   4/15       28 ( 11 %)            2
        10/2/0.6   0/15        4 (  2 %)            0

== trois bases réunies : 857 questions, consigne manquante 52, autres 688
        variante    bonne  autres touchées  parasites oubli
        3/1/None  19/52      169 ( 25 %)            8
         3/1/0.4  19/52      145 ( 21 %)            8
        3/1/0.45  17/52      112 ( 16 %)            4
         3/1/0.5  11/52       65 (  9 %)            1
        3/1/0.55   7/52       25 (  4 %)            0
         3/1/0.6   0/52        3 (  0 %)            0
        3/2/None  19/52      169 ( 25 %)            9
         3/2/0.4  19/52      145 ( 21 %)            9
        3/2/0.45  17/52      112 ( 16 %)            4
         3/2/0.5  11/52       65 (  9 %)            1
        3/2/0.55   7/52       25 (  4 %)            0
         3/2/0.6   0/52        3 (  0 %)            0
        5/1/None  26/52      273 ( 40 %)           30
         5/1/0.4  25/52      237 ( 34 %)           28
        5/1/0.45  22/52      188 ( 27 %)           18
         5/1/0.5  14/52      108 ( 16 %)            8
        5/1/0.55   9/52       38 (  6 %)            2
         5/1/0.6   2/52        5 (  1 %)            0
        5/2/None  26/52      273 ( 40 %)           34
         5/2/0.4  25/52      237 ( 34 %)           32
        5/2/0.45  22/52      188 ( 27 %)           21
         5/2/0.5  14/52      108 ( 16 %)            8
        5/2/0.55   9/52       38 (  6 %)            2
         5/2/0.6   2/52        5 (  1 %)            0
       10/1/None  32/52      425 ( 62 %)           72
        10/1/0.4  31/52      373 ( 54 %)           63
       10/1/0.45  28/52      290 ( 42 %)           44
        10/1/0.5  20/52      159 ( 23 %)           21
       10/1/0.55  13/52       60 (  9 %)            4
        10/1/0.6   4/52       10 (  1 %)            0
       10/2/None  38/52      425 ( 62 %)          101
        10/2/0.4  37/52      373 ( 54 %)           87
       10/2/0.45  34/52      290 ( 42 %)           59
        10/2/0.5  24/52      159 ( 23 %)           27
       10/2/0.55  15/52       60 (  9 %)            5
        10/2/0.6   4/52       10 (  1 %)            0
Rapport : bench\results\oubli\rattachement_precision.json
