  Backend d'embeddings : llamacpp (http://127.0.0.1:8899)
  [1/120] persona 414
  [2/120] persona 605
  [3/120] persona 61
  [4/120] persona 274
  [5/120] persona 373
  [6/120] persona 15
  [7/120] persona 21
  [8/120] persona 29
  [9/120] persona 438
  [10/120] persona 796
  [11/120] persona 394
  [12/120] persona 651
  [13/120] persona 133
  [14/120] persona 734
  [15/120] persona 771
  [16/120] persona 728
  [17/120] persona 634
  [18/120] persona 78
  [19/120] persona 896
  [20/120] persona 372
  [21/120] persona 654
  [22/120] persona 217
  [23/120] persona 768
  [24/120] persona 420
  [25/120] persona 122
  [26/120] persona 463
  [27/120] persona 821
  [28/120] persona 663
  [29/120] persona 752
  [30/120] persona 615
  [31/120] persona 250
  [32/120] persona 452
  [33/120] persona 227
  [34/120] persona 181
  [35/120] persona 629
  [36/120] persona 612
  [37/120] persona 242
  [38/120] persona 173
  [39/120] persona 560
  [40/120] persona 421
  [41/120] persona 211
  [42/120] persona 783
  [43/120] persona 815
  [44/120] persona 392
  [45/120] persona 91
  [46/120] persona 300
  [47/120] persona 182
  [48/120] persona 851
  [49/120] persona 144
  [50/120] persona 772
  [51/120] persona 374
  [52/120] persona 308
  [53/120] persona 907
  [54/120] persona 730
  [55/120] persona 913
  [56/120] persona 711
  [57/120] persona 488
  [58/120] persona 872
  [59/120] persona 581
  [60/120] persona 690
  [61/120] persona 287
  [62/120] persona 326
  [63/120] persona 957
  [64/120] persona 840
  [65/120] persona 519
  [66/120] persona 923
  [67/120] persona 975
  [68/120] persona 792
  [69/120] persona 380
  [70/120] persona 514
  [71/120] persona 311
  [72/120] persona 580
  [73/120] persona 836
  [74/120] persona 485
  [75/120] persona 801
  [76/120] persona 190
  [77/120] persona 798
  [78/120] persona 857
  [79/120] persona 405
  [80/120] persona 567
  [81/120] persona 431
  [82/120] persona 113
  [83/120] persona 50
  [84/120] persona 566
  [85/120] persona 972
  [86/120] persona 966
  [87/120] persona 14
  [88/120] persona 686
  [89/120] persona 447
  [90/120] persona 610
  [91/120] persona 502
  [92/120] persona 675
  [93/120] persona 349
  [94/120] persona 645
  [95/120] persona 255
  [96/120] persona 339
  [97/120] persona 129
  [98/120] persona 385
  [99/120] persona 330
  [100/120] persona 505
  [101/120] persona 925
  [102/120] persona 114
  [103/120] persona 62
  [104/120] persona 565
  [105/120] persona 343
  [106/120] persona 702
  [107/120] persona 419
  [108/120] persona 291
  [109/120] persona 665
  [110/120] persona 715
  [111/120] persona 661
  [112/120] persona 676
  [113/120] persona 201
  [114/120] persona 189
  [115/120] persona 490
  [116/120] persona 224
  [117/120] persona 882
  [118/120] persona 990
  [119/120] persona 241
  [120/120] persona 824

questions au contexte inchangé (non posées) : {'oubli': 23, 'autres': 108}
oubli, contexte changé : {'n': 39, 'A': 16, 'A+': 19, 'gagnees': 7, 'perdues': 4, 'p': 0.5488} (bonne consigne ajoutée : 12)
autres, contexte changé : {'n': 171, 'A': 74, 'A+': 77, 'gagnees': 17, 'perdues': 14, 'p': 0.7201}
bruit (A redemandé, même contexte) : {'n': 59, 'verdict_change': 15}
Rapport : bench\results\oubli\rattachement_reponse_frais.json
