  Backend d'embeddings : llamacpp (http://127.0.0.1:8899)
  conversation 1 : 3 consignes
  conversation 2 : 3 consignes
  conversation 3 : 3 consignes
  conversation 4 : 3 consignes
  conversation 5 : 3 consignes
  conversation 6 : 5 consignes
  conversation 7 : 5 consignes
  conversation 8 : 5 consignes
  conversation 9 : 5 consignes
  conversation 10 : 5 consignes
  conversation 11 : 5 consignes
  conversation 12 : 5 consignes
  conversation 13 : 5 consignes
  conversation 14 : 5 consignes
  conversation 15 : 5 consignes
  conversation 16 : 5 consignes
  conversation 17 : 5 consignes
  conversation 18 : 5 consignes
  conversation 19 : 5 consignes
  conversation 20 : 5 consignes

type                            n  toutes avant  toutes après  preuves perdues  ajouts moy.
contradiction_resolution       40            34            34                0         3.62
event_ordering                 40             5             5                3         4.33
information_extraction         40            35            35                0         4.17
instruction_following          40            13            35                2         4.08
knowledge_update               40            37            37                0         4.28
multi_session_reasoning        40            24            23                2         4.05
preference_following           39            34            33                1         4.46
summarization                  36             4             3                5         4.36
temporal_reasoning             40            39            39                0          4.4
Rapport : bench\results\consignes\beam_selection.json
