  Backend d'embeddings : llamacpp (http://127.0.0.1:8899)
  conversation 1 : 3 consignes
  conversation 2 : 3 consignes
  conversation 3 : 3 consignes
  conversation 4 : 3 consignes
  conversation 5 : 3 consignes
  conversation 6 : 5 consignes
  conversation 7 : 5 consignes
  conversation 8 : 5 consignes
  conversation 9 : 5 consignes
  conversation 10 : 5 consignes
  conversation 11 : 5 consignes
  conversation 12 : 5 consignes
  conversation 13 : 5 consignes
  conversation 14 : 5 consignes
  conversation 15 : 5 consignes
  conversation 16 : 5 consignes
  conversation 17 : 5 consignes
  conversation 18 : 5 consignes
  conversation 19 : 5 consignes
  conversation 20 : 5 consignes

type                            n      A     A+       Δ     +/-      p
abstention                      8   0.25   0.25  +0.000   0/0      1.0
contradiction_resolution        8   0.25  0.219  -0.031   0/1      1.0
event_ordering                  8    0.2  0.341  +0.141   3/1    0.625
information_extraction          8  0.844   0.76  -0.083   0/2      0.5
instruction_following          40  0.588  0.544  -0.044   2/4   0.6875
knowledge_update                8    0.5  0.625  +0.125   1/0      1.0
multi_session_reasoning         8  0.656  0.565  -0.091   1/2      1.0
preference_following            8  0.875  0.875  +0.000   0/0      1.0
summarization                   8   0.35  0.367  +0.017   3/2      1.0
temporal_reasoning              8  0.375    0.5  +0.125   1/0      1.0

net total estimé sur BEAM 100K (400 questions) : +6.36 points de note ; bruit : {'n': 27, 'ecart_moyen_absolu': 0.055, 'verdict_change': 5}
Rapport : bench\results\consignes\beam_reponse.json
